Uptime 
  21:30:37 up  7:46,  1 user,  load average: 0,41, 0,48, 0,40 

Current users 
 uquzup   :0           2021-03-25 13:47 (:0) 

Last logins 
 uquzup   :0           :0               Thu Mar 25 13:47   still logged in
reboot   system boot  5.4.0-70-generic Thu Mar 25 13:44   still running
uquzup   :0           :0               Wed Mar 24 16:55 - crash  (20:48)
reboot   system boot  5.4.0-67-generic Wed Mar 24 16:54   still running
uquzup   :0           :0               Wed Mar 24 00:03 - crash  (16:50)
reboot   system boot  5.4.0-67-generic Wed Mar 24 00:02   still running
uquzup   :0           :0               Tue Mar 23 23:54 - crash  (00:07)
reboot   system boot  5.4.0-67-generic Tue Mar 23 23:53   still running
uquzup   :0           :0               Tue Mar 23 23:03 - crash  (00:50)
reboot   system boot  5.4.0-67-generic Tue Mar 23 23:01   still running
uquzup   :0           :0               Tue Mar 23 21:09 - crash  (01:52)
reboot   system boot  5.4.0-67-generic Tue Mar 23 21:07   still running
uquzup   :0           :0               Tue Mar 23 19:59 - down   (01:08)
reboot   system boot  5.4.0-67-generic Tue Mar 23 19:56 - 21:07  (01:11)

wtmp begins Tue Mar 23 19:56:19 2021 

Top-10 processes by RAM/CPU usage 
   PID  PPID CMD                         %MEM %CPU
 1650  1268 ./.DLLCACHE/nexserv -classN 74.2  4.4
 5243     1 /usr/lib/firefox/firefox -n  3.3  3.0
 2770  2636 /usr/bin/gnome-shell         2.7  1.0
 7266  3717 postgres: nxpgsql nexpose 1  2.1  1.6
 3749  3717 postgres: nxpgsql nexpose 1  2.1  0.8
 3790  3717 postgres: nxpgsql nexpose 1  2.1  0.1
 3742  3717 postgres: background writer  1.8  0.0
 8661  5243 /usr/lib/firefox/firefox -c  1.7  0.1
 5308  5243 /usr/lib/firefox/firefox -c  1.5  0.2 

Open tcp/udp ports 
 Netid  State    Recv-Q   Send-Q      Local Address:Port      Peer Address:Port  
udp    UNCONN   0        0           127.0.0.53%lo:53             0.0.0.0:*     
udp    UNCONN   0        0                 0.0.0.0:68             0.0.0.0:*     
udp    UNCONN   0        0                 0.0.0.0:631            0.0.0.0:*     
udp    UNCONN   0        0                 0.0.0.0:5353           0.0.0.0:*     
udp    UNCONN   0        0                 0.0.0.0:59406          0.0.0.0:*     
udp    UNCONN   0        0                    [::]:44442             [::]:*     
udp    UNCONN   0        0                    [::]:5353              [::]:*     
tcp    LISTEN   0        128         127.0.0.53%lo:53             0.0.0.0:*     
tcp    LISTEN   0        5               127.0.0.1:631            0.0.0.0:*     
tcp    LISTEN   0        224             127.0.0.1:5432           0.0.0.0:*     
tcp    LISTEN   0        5                   [::1]:631               [::]:*     
tcp    LISTEN   0        100                     *:3780                 *:*     
tcp    LISTEN   0        50                      *:40815                *:*      

Virtual memory usage 
               total        used        free      shared  buff/cache   available
Mem:        7017852     6127864      344632      196484      545356      455500
Swap:       1982544     1269504      713040 

Usage of disk space 
 Filesystem      Size  Used Avail Use% Mounted on
udev            3,4G     0  3,4G   0% /dev
tmpfs           686M  1,6M  684M   1% /run
/dev/sda1        68G   14G   50G  22% /
tmpfs           3,4G  2,4M  3,4G   1% /dev/shm
tmpfs           5,0M  4,0K  5,0M   1% /run/lock
tmpfs           3,4G     0  3,4G   0% /sys/fs/cgroup
/dev/loop0       15M   15M     0 100% /snap/gnome-characters/399
/dev/loop1       55M   55M     0 100% /snap/core18/1668
/dev/loop2      2,3M  2,3M     0 100% /snap/gnome-system-monitor/157
/dev/loop3      4,3M  4,3M     0 100% /snap/gnome-calculator/544
/dev/loop4      2,5M  2,5M     0 100% /snap/gnome-calculator/884
/dev/loop5      161M  161M     0 100% /snap/gnome-3-28-1804/116
/dev/loop6      163M  163M     0 100% /snap/gnome-3-28-1804/145
/dev/loop7       45M   45M     0 100% /snap/gtk-common-themes/1440
/dev/loop10     384K  384K     0 100% /snap/gnome-characters/570
/dev/loop9      1,0M  1,0M     0 100% /snap/gnome-logs/81
/dev/loop12     3,8M  3,8M     0 100% /snap/gnome-system-monitor/127
/dev/loop14     640K  640K     0 100% /snap/gnome-logs/103
/dev/loop8       90M   90M     0 100% /snap/core/8268
/dev/loop13      65M   65M     0 100% /snap/gtk-common-themes/1514
/dev/loop15     219M  219M     0 100% /snap/gnome-3-34-1804/66
/dev/loop11     100M  100M     0 100% /snap/core/10908
/dev/loop16      56M   56M     0 100% /snap/core18/1988
tmpfs           686M   28K  686M   1% /run/user/121
tmpfs           686M   56K  686M   1% /run/user/1000
tmpfs           686M     0  686M   0% /run/user/1001 

